PS C:\Users\yutis\Documents\PSC\c-activity-sets\set02> gdb ./problem07.exe
GNU gdb (GDB) 7.6.1
Copyright (C) 2013 Free Software Foundation, Inc.
License GPLv3+: GNU GPL version 3 or later <http://gnu.org/licenses/gpl.html>
This is free software: you are free to change and redistribute it.
There is NO WARRANTY, to the extent permitted by law.  Type "show copying"
and "show warranty" for details.
This GDB was configured as "mingw32".
For bug reporting instructions, please see:
<http://www.gnu.org/software/gdb/bugs/>...
Reading symbols from C:\Users\yutis\Documents\PSC\c-activity-sets\set02\problem07.exe...done.
(gdb) b main
Breakpoint 1 at 0x40150c: file ./problem07.c, line 24.
(gdb) r
Starting program: C:\Users\yutis\Documents\PSC\c-activity-sets\set02/./problem07.exe 
[New Thread 12784.0x1dd0]
[New Thread 12784.0x7fd8]

Breakpoint 1, main () at ./problem07.c:24
24          Triangle t=input_triangle();
(gdb) n
enter the base and altitude of the triangle
2
3
25          find_area(&t);
(gdb) n
26          output(t);
(gdb) n
the area of the triangle with base 2.00 and altitude 3.00 is 3.0027         return 0;
(gdb) q
A debugging session is active.

        Inferior 1 [process 12784] will be killed.

Quit anyway? (y or n) y
error return ../../gdb-7.6.1/gdb/windows-nat.c:1275 was 5