PS C:\Users\yutis\Documents\PSC\c-activity-sets\set03> gdb ./problem06.exe
GNU gdb (GDB) 7.6.1
Copyright (C) 2013 Free Software Foundation, Inc.
License GPLv3+: GNU GPL version 3 or later <http://gnu.org/licenses/gpl.html>
This is free software: you are free to change and redistribute it.
There is NO WARRANTY, to the extent permitted by law.  Type "show copying"
and "show warranty" for details.
This GDB was configured as "mingw32".
For bug reporting instructions, please see:
<http://www.gnu.org/software/gdb/bugs/>...
Reading symbols from C:\Users\yutis\Documents\PSC\c-activity-sets\set03\problem06.exe...done.
(gdb) b main
Breakpoint 1 at 0x40156a: file ./problem06.c, line 33.
(gdb)
Note: breakpoint 1 also set at pc 0x40156a.
Breakpoint 2 at 0x40156a: file ./problem06.c, line 33.
(gdb) r
Starting program: C:\Users\yutis\Documents\PSC\c-activity-sets\set03/./problem06.exe 
[New Thread 20860.0x47e0]
[New Thread 20860.0x3a60]

Breakpoint 1, main () at ./problem06.c:33
33          input_string(a,b);
(gdb) n
Enter the word
helloworldhello
Enter the word to find the index
world
35          index=sub_str_index(a,b);
(gdb) n
36          output(a,b,index);
(gdb) n
the index value of world is 537     return 0;
(gdb) q
A debugging session is active.

        Inferior 1 [process 20860] will be killed.

Quit anyway? (y or n) y
error return ../../gdb-7.6.1/gdb/windows-nat.c:1275 was 5